<html>
<body>
<pre>
<h1>µVision Build Log</h1>
<h2>Tool Versions:</h2>
IDE-Version: ¦ÌVision V5.26.2.0
Copyright (C) 2018 ARM Ltd and ARM Germany GmbH. All rights reserved.
License Information: zoulm zoulm, zoulm, LIC=Y2BRA-172KY-PFPIX-H946Q-54IU2-CISLC
 
Tool Versions:
Toolchain:       MDK-ARM Professional  Version: 5.26.2.0
Toolchain Path:  D:\Keil_v5\ARM\ARMCC\Bin
C Compiler:      Armcc.exe V5.06 update 6 (build 750)
Assembler:       Armasm.exe V5.06 update 6 (build 750)
Linker/Locator:  ArmLink.exe V5.06 update 6 (build 750)
Library Manager: ArmAr.exe V5.06 update 6 (build 750)
Hex Converter:   FromElf.exe V5.06 update 6 (build 750)
CPU DLL:         SARMCM3.DLL V5.26.2.0
Dialog DLL:      DCM.DLL V1.17.2.0
Target DLL:      Segger\JL2CM3.dll V2.99.31.0
Dialog DLL:      TCM.DLL V1.36.1.0
 
<h2>Project:</h2>
E:\WorkSpace\ir\ir-2.0\ir\MDK-ARM\ir.uvprojx
Project File Date:  03/13/2019

<h2>Output:</h2>
*** Using Compiler 'V5.06 update 6 (build 750)', folder: 'D:\Keil_v5\ARM\ARMCC\Bin'
Rebuild target 'ir'
assembling startup_stm32f103xb.s...
compiling UARTCommandConsole.c...
compiling Sample-CLI-commands.c...
compiling usbd_conf.c...
compiling freertos.c...
compiling usb_device.c...
compiling usbd_desc.c...
compiling main.c...
compiling usbd_cdc_if.c...
compiling serial.c...
compiling app_fifo.c...
compiling stm32f1xx_hal_gpio_ex.c...
compiling stm32f1xx_hal_timebase_tim.c...
compiling stm32f1xx_ll_usb.c...
compiling stm32f1xx_it.c...
compiling stm32f1xx_hal_msp.c...
compiling stm32f1xx_hal_pcd_ex.c...
compiling stm32f1xx_hal_pcd.c...
compiling stm32f1xx_hal.c...
compiling stm32f1xx_hal_gpio.c...
compiling stm32f1xx_hal_dma.c...
compiling stm32f1xx_hal_rcc_ex.c...
compiling stm32f1xx_hal_tim_ex.c...
compiling stm32f1xx_hal_rcc.c...
compiling stm32f1xx_hal_tim.c...
compiling croutine.c...
compiling event_groups.c...
compiling list.c...
compiling queue.c...
compiling stm32f1xx_hal_flash.c...
compiling timers.c...
compiling system_stm32f1xx.c...
compiling tasks.c...
compiling stm32f1xx_hal_pwr.c...
compiling stm32f1xx_hal_cortex.c...
compiling stm32f1xx_hal_flash_ex.c...
compiling heap_4.c...
compiling port.c...
compiling cmsis_os.c...
compiling FreeRTOS_CLI.c...
compiling usbd_ioreq.c...
compiling usbd_cdc.c...
compiling usbd_core.c...
compiling usbd_ctlreq.c...
linking...
Program Size: Code=17672 RO-data=1000 RW-data=544 ZI-data=16600  
FromELF: creating hex file...
"ir\ir.axf" - 0 Error(s), 0 Warning(s).

<h2>Software Packages used:</h2>

Package Vendor: ARM
                http://www.keil.com/pack/ARM.CMSIS.5.4.0.pack
                ARM.CMSIS.5.4.0
                CMSIS (Cortex Microcontroller Software Interface Standard)
   * Component: CORE Version: 5.1.2

Package Vendor: Keil
                http://www.keil.com/pack/Keil.STM32F1xx_DFP.2.3.0.pack
                Keil.STM32F1xx_DFP.2.3.0
                STMicroelectronics STM32F1 Series Device Support, Drivers and Examples

<h2>Collection of Component include folders:</h2>
  .\RTE\_ir
  D:\Keil_v5\ARM\PACK\ARM\CMSIS\5.4.0\CMSIS\Core\Include
  D:\Keil_v5\ARM\PACK\Keil\STM32F1xx_DFP\2.3.0\Device\Include

<h2>Collection of Component Files used:</h2>

   * Component: ARM::CMSIS:CORE:5.1.2
Build Time Elapsed:  00:00:23
</pre>
</body>
</html>
